exports[`test should render the todo list component 1`] = `
<ul>
  <li
    onClick={[Function]}
    style={
      Object {
        "textDecoration": "none",
      }
    }>
    Attend Chennai JS Meetup
  </li>
</ul>
`;
